2016-11-10 00:01:34	http://coding.imooc.com/lesson/71.html	206432	14.152.86.16	GET	Windows	0.302
2016-11-10 00:01:34	http://www.imooc.com/learn/list	8156	101.228.25.156	GET	Windows	0.118
2016-11-10 00:01:34	http://www.imooc.com	17379	218.26.154.107	POST	Android	0.171
2016-11-10 00:01:34	http://www.imooc.com/video/1446	54	218.88.29.153	POST	Windows	0.072
2016-11-10 00:01:34	http://www.imooc.com/course/0	2958	125.120.150.55	GET	Windows	0.159
2016-11-10 00:01:37	http://coding.imooc.com/class/62.html	1554	114.83.78.156	GET	Windows	0.002